python : Traceback (most recent call last):
At line:1 char:1
+ python backend/tests/test_run_modes.py > test_output.txt 2>&1
+ ~~~~~~~~~~~~~~~~~~~~~~~~~~~~~~~~~~~~~~~~~~~~~~~~~~~~~~~~~~~~~
    + CategoryInfo          : NotSpecified: (Traceback (most recent call last)::String) [], RemoteException
    + FullyQualifiedErrorId : NativeCommandError
 
  File 
"C:\Users\cmaho\AppData\Local\Programs\Python\Python314\Lib\site-packages\sqlalchemy\engine\base.py", line 
1815, in _execute_context
    context = constructor(
        dialect, self, conn, execution_options, *args, **kw
    )
  File 
"C:\Users\cmaho\AppData\Local\Programs\Python\Python314\Lib\site-packages\sqlalchemy\engine\default.py", 
line 1496, in _init_compiled
    flattened_processors[key](compiled_params[key])
    ~~~~~~~~~~~~~~~~~~~~~~~~~^^^^^^^^^^^^^^^^^^^^^^
  File "C:\Users\cmaho\AppData\Local\Programs\Python\Python314\Lib\site-packages\sqlalchemy\dialects\sqlite\
base.py", line 1287, in process
    raise TypeError(
    ...<2 lines>...
    )
TypeError: SQLite Date type only accepts Python date objects as input.

The above exception was the direct cause of the following exception:

Traceback (most recent call last):
  File "C:\Users\cmaho\Desktop\Antigravity Test 
Folder\Projects\OEE_App\oee_app_core\backend\tests\test_run_modes.py", line 121, in <module>
    test_create_rate_with_run_mode()
    ~~~~~~~~~~~~~~~~~~~~~~~~~~~~~~^^
  File "C:\Users\cmaho\Desktop\Antigravity Test 
Folder\Projects\OEE_App\oee_app_core\backend\tests\test_run_modes.py", line 45, in 
test_create_rate_with_run_mode
    response = client.post("/rates/", json=payload)
  File "C:\Users\cmaho\AppData\Local\Programs\Python\Python314\Lib\site-packages\starlette\testclient.py", 
line 546, in post
    return super().post(
           ~~~~~~~~~~~~^
        url,
        ^^^^
    ...<10 lines>...
        extensions=extensions,
        ^^^^^^^^^^^^^^^^^^^^^^
    )
    ^
  File "C:\Users\cmaho\AppData\Local\Programs\Python\Python314\Lib\site-packages\httpx\_client.py", line 
1144, in post
    return self.request(
           ~~~~~~~~~~~~^
        "POST",
        ^^^^^^^
    ...<11 lines>...
        extensions=extensions,
        ^^^^^^^^^^^^^^^^^^^^^^
    )
    ^
  File "C:\Users\cmaho\AppData\Local\Programs\Python\Python314\Lib\site-packages\starlette\testclient.py", 
line 445, in request
    return super().request(
           ~~~~~~~~~~~~~~~^
        method,
        ^^^^^^^
    ...<11 lines>...
        extensions=extensions,
        ^^^^^^^^^^^^^^^^^^^^^^
    )
    ^
  File "C:\Users\cmaho\AppData\Local\Programs\Python\Python314\Lib\site-packages\httpx\_client.py", line 
825, in request
    return self.send(request, auth=auth, follow_redirects=follow_redirects)
           ~~~~~~~~~^^^^^^^^^^^^^^^^^^^^^^^^^^^^^^^^^^^^^^^^^^^^^^^^^^^^^^^
  File "C:\Users\cmaho\AppData\Local\Programs\Python\Python314\Lib\site-packages\httpx\_client.py", line 
914, in send
    response = self._send_handling_auth(
        request,
    ...<2 lines>...
        history=[],
    )
  File "C:\Users\cmaho\AppData\Local\Programs\Python\Python314\Lib\site-packages\httpx\_client.py", line 
942, in _send_handling_auth
    response = self._send_handling_redirects(
        request,
        follow_redirects=follow_redirects,
        history=history,
    )
  File "C:\Users\cmaho\AppData\Local\Programs\Python\Python314\Lib\site-packages\httpx\_client.py", line 
979, in _send_handling_redirects
    response = self._send_single_request(request)
  File "C:\Users\cmaho\AppData\Local\Programs\Python\Python314\Lib\site-packages\httpx\_client.py", line 
1014, in _send_single_request
    response = transport.handle_request(request)
  File "C:\Users\cmaho\AppData\Local\Programs\Python\Python314\Lib\site-packages\starlette\testclient.py", 
line 348, in handle_request
    raise exc
  File "C:\Users\cmaho\AppData\Local\Programs\Python\Python314\Lib\site-packages\starlette\testclient.py", 
line 345, in handle_request
    portal.call(self.app, scope, receive, send)
    ~~~~~~~~~~~^^^^^^^^^^^^^^^^^^^^^^^^^^^^^^^^
  File "C:\Users\cmaho\AppData\Local\Programs\Python\Python314\Lib\site-packages\anyio\from_thread.py", 
line 334, in call
    return cast(T_Retval, self.start_task_soon(func, *args).result())
                          ~~~~~~~~~~~~~~~~~~~~~~~~~~~~~~~~~~~~~~~~^^
  File "C:\Users\cmaho\AppData\Local\Programs\Python\Python314\Lib\concurrent\futures\_base.py", line 450, 
in result
    return self.__get_result()
           ~~~~~~~~~~~~~~~~~^^
  File "C:\Users\cmaho\AppData\Local\Programs\Python\Python314\Lib\concurrent\futures\_base.py", line 395, 
in __get_result
    raise self._exception
  File "C:\Users\cmaho\AppData\Local\Programs\Python\Python314\Lib\site-packages\anyio\from_thread.py", 
line 259, in _call_func
    retval = await retval_or_awaitable
             ^^^^^^^^^^^^^^^^^^^^^^^^^
  File "C:\Users\cmaho\AppData\Local\Programs\Python\Python314\Lib\site-packages\fastapi\applications.py", 
line 1135, in __call__
    await super().__call__(scope, receive, send)
  File 
"C:\Users\cmaho\AppData\Local\Programs\Python\Python314\Lib\site-packages\starlette\applications.py", line 
107, in __call__
    await self.middleware_stack(scope, receive, send)
  File 
"C:\Users\cmaho\AppData\Local\Programs\Python\Python314\Lib\site-packages\starlette\middleware\errors.py", 
line 186, in __call__
    raise exc
  File 
"C:\Users\cmaho\AppData\Local\Programs\Python\Python314\Lib\site-packages\starlette\middleware\errors.py", 
line 164, in __call__
    await self.app(scope, receive, _send)
  File 
"C:\Users\cmaho\AppData\Local\Programs\Python\Python314\Lib\site-packages\starlette\middleware\cors.py", 
line 85, in __call__
    await self.app(scope, receive, send)
  File "C:\Users\cmaho\AppData\Local\Programs\Python\Python314\Lib\site-packages\starlette\middleware\except
ions.py", line 63, in __call__
    await wrap_app_handling_exceptions(self.app, conn)(scope, receive, send)
  File 
"C:\Users\cmaho\AppData\Local\Programs\Python\Python314\Lib\site-packages\starlette\_exception_handler.py", 
line 53, in wrapped_app
    raise exc
  File 
"C:\Users\cmaho\AppData\Local\Programs\Python\Python314\Lib\site-packages\starlette\_exception_handler.py", 
line 42, in wrapped_app
    await app(scope, receive, sender)
  File "C:\Users\cmaho\AppData\Local\Programs\Python\Python314\Lib\site-packages\fastapi\middleware\asyncexi
tstack.py", line 18, in __call__
    await self.app(scope, receive, send)
  File "C:\Users\cmaho\AppData\Local\Programs\Python\Python314\Lib\site-packages\starlette\routing.py", 
line 716, in __call__
    await self.middleware_stack(scope, receive, send)
  File "C:\Users\cmaho\AppData\Local\Programs\Python\Python314\Lib\site-packages\starlette\routing.py", 
line 736, in app
    await route.handle(scope, receive, send)
  File "C:\Users\cmaho\AppData\Local\Programs\Python\Python314\Lib\site-packages\starlette\routing.py", 
line 290, in handle
    await self.app(scope, receive, send)
  File "C:\Users\cmaho\AppData\Local\Programs\Python\Python314\Lib\site-packages\fastapi\routing.py", line 
115, in app
    await wrap_app_handling_exceptions(app, request)(scope, receive, send)
  File 
"C:\Users\cmaho\AppData\Local\Programs\Python\Python314\Lib\site-packages\starlette\_exception_handler.py", 
line 53, in wrapped_app
    raise exc
  File 
"C:\Users\cmaho\AppData\Local\Programs\Python\Python314\Lib\site-packages\starlette\_exception_handler.py", 
line 42, in wrapped_app
    await app(scope, receive, sender)
  File "C:\Users\cmaho\AppData\Local\Programs\Python\Python314\Lib\site-packages\fastapi\routing.py", line 
101, in app
    response = await f(request)
               ^^^^^^^^^^^^^^^^
  File "C:\Users\cmaho\AppData\Local\Programs\Python\Python314\Lib\site-packages\fastapi\routing.py", line 
355, in app
    raw_response = await run_endpoint_function(
                   ^^^^^^^^^^^^^^^^^^^^^^^^^^^^
    ...<3 lines>...
    )
    ^
  File "C:\Users\cmaho\AppData\Local\Programs\Python\Python314\Lib\site-packages\fastapi\routing.py", line 
245, in run_endpoint_function
    return await run_in_threadpool(dependant.call, **values)
           ^^^^^^^^^^^^^^^^^^^^^^^^^^^^^^^^^^^^^^^^^^^^^^^^^
  File "C:\Users\cmaho\AppData\Local\Programs\Python\Python314\Lib\site-packages\starlette\concurrency.py", 
line 32, in run_in_threadpool
    return await anyio.to_thread.run_sync(func)
           ^^^^^^^^^^^^^^^^^^^^^^^^^^^^^^^^^^^^
  File "C:\Users\cmaho\AppData\Local\Programs\Python\Python314\Lib\site-packages\anyio\to_thread.py", line 
63, in run_sync
    return await get_async_backend().run_sync_in_worker_thread(
           ^^^^^^^^^^^^^^^^^^^^^^^^^^^^^^^^^^^^^^^^^^^^^^^^^^^^
        func, args, abandon_on_cancel=abandon_on_cancel, limiter=limiter
        ^^^^^^^^^^^^^^^^^^^^^^^^^^^^^^^^^^^^^^^^^^^^^^^^^^^^^^^^^^^^^^^^
    )
    ^
  File 
"C:\Users\cmaho\AppData\Local\Programs\Python\Python314\Lib\site-packages\anyio\_backends\_asyncio.py", 
line 2502, in run_sync_in_worker_thread
    return await future
           ^^^^^^^^^^^^
  File 
"C:\Users\cmaho\AppData\Local\Programs\Python\Python314\Lib\site-packages\anyio\_backends\_asyncio.py", 
line 986, in run
    result = context.run(func, *args)
  File "C:\Users\cmaho\Desktop\Antigravity Test 
Folder\Projects\OEE_App\oee_app_core\backend\app\routers\rates.py", line 94, in create_rate
    session.commit()
    ~~~~~~~~~~~~~~^^
  File 
"C:\Users\cmaho\AppData\Local\Programs\Python\Python314\Lib\site-packages\sqlalchemy\orm\session.py", line 
2030, in commit
    trans.commit(_to_root=True)
    ~~~~~~~~~~~~^^^^^^^^^^^^^^^
  File "<string>", line 2, in commit
  File 
"C:\Users\cmaho\AppData\Local\Programs\Python\Python314\Lib\site-packages\sqlalchemy\orm\state_changes.py", 
line 137, in _go
    ret_value = fn(self, *arg, **kw)
  File 
"C:\Users\cmaho\AppData\Local\Programs\Python\Python314\Lib\site-packages\sqlalchemy\orm\session.py", line 
1311, in commit
    self._prepare_impl()
    ~~~~~~~~~~~~~~~~~~^^
  File "<string>", line 2, in _prepare_impl
  File 
"C:\Users\cmaho\AppData\Local\Programs\Python\Python314\Lib\site-packages\sqlalchemy\orm\state_changes.py", 
line 137, in _go
    ret_value = fn(self, *arg, **kw)
  File 
"C:\Users\cmaho\AppData\Local\Programs\Python\Python314\Lib\site-packages\sqlalchemy\orm\session.py", line 
1286, in _prepare_impl
    self.session.flush()
    ~~~~~~~~~~~~~~~~~~^^
  File 
"C:\Users\cmaho\AppData\Local\Programs\Python\Python314\Lib\site-packages\sqlalchemy\orm\session.py", line 
4331, in flush
    self._flush(objects)
    ~~~~~~~~~~~^^^^^^^^^
  File 
"C:\Users\cmaho\AppData\Local\Programs\Python\Python314\Lib\site-packages\sqlalchemy\orm\session.py", line 
4466, in _flush
    with util.safe_reraise():
         ~~~~~~~~~~~~~~~~~^^
  File 
"C:\Users\cmaho\AppData\Local\Programs\Python\Python314\Lib\site-packages\sqlalchemy\util\langhelpers.py", 
line 224, in __exit__
    raise exc_value.with_traceback(exc_tb)
  File 
"C:\Users\cmaho\AppData\Local\Programs\Python\Python314\Lib\site-packages\sqlalchemy\orm\session.py", line 
4427, in _flush
    flush_context.execute()
    ~~~~~~~~~~~~~~~~~~~~~^^
  File 
"C:\Users\cmaho\AppData\Local\Programs\Python\Python314\Lib\site-packages\sqlalchemy\orm\unitofwork.py", 
line 466, in execute
    rec.execute(self)
    ~~~~~~~~~~~^^^^^^
  File 
"C:\Users\cmaho\AppData\Local\Programs\Python\Python314\Lib\site-packages\sqlalchemy\orm\unitofwork.py", 
line 642, in execute
    util.preloaded.orm_persistence.save_obj(
    ~~~~~~~~~~~~~~~~~~~~~~~~~~~~~~~~~~~~~~~^
        self.mapper,
Starting test_list_run_modes...
test_list_run_modes PASSED
Starting test_create_rate_with_run_mode...
UNHANDLED EXCEPTION on POST http://testserver/rates/:
Traceback (most recent call last):
  File "C:\Users\cmaho\AppData\Local\Programs\Python\Python314\Lib\site-packages\sqlalchemy\engine\base.py", line 1815, in _execute_context
    context = constructor(
        dialect, self, conn, execution_options, *args, **kw
    )
  File "C:\Users\cmaho\AppData\Local\Programs\Python\Python314\Lib\site-packages\sqlalchemy\engine\default.py", line 1496, in _init_compiled
    flattened_processors[key](compiled_params[key])
    ~~~~~~~~~~~~~~~~~~~~~~~~~^^^^^^^^^^^^^^^^^^^^^^
  File "C:\Users\cmaho\AppData\Local\Programs\Python\Python314\Lib\site-packages\sqlalchemy\dialects\sqlite\base.py", line 1287, in process
    raise TypeError(
    ...<2 lines>...
    )
TypeError: SQLite Date type only accepts Python date objects as input.

The above exception was the direct cause of the following exception:

Traceback (most recent call last):
  File "C:\Users\cmaho\AppData\Local\Programs\Python\Python314\Lib\site-packages\starlette\middleware\errors.py", line 164, in __call__
    await self.app(scope, receive, _send)
  File "C:\Users\cmaho\AppData\Local\Programs\Python\Python314\Lib\site-packages\starlette\middleware\cors.py", line 85, in __call__
    await self.app(scope, receive, send)
  File "C:\Users\cmaho\AppData\Local\Programs\Python\Python314\Lib\site-packages\starlette\middleware\exceptions.py", line 63, in __call__
    await wrap_app_handling_exceptions(self.app, conn)(scope, receive, send)
  File "C:\Users\cmaho\AppData\Local\Programs\Python\Python314\Lib\site-packages\starlette\_exception_handler.py", line 53, in wrapped_app
    raise exc
  File "C:\Users\cmaho\AppData\Local\Programs\Python\Python314\Lib\site-packages\starlette\_exception_handler.py", line 42, in wrapped_app
    await app(scope, receive, sender)
  File "C:\Users\cmaho\AppData\Local\Programs\Python\Python314\Lib\site-packages\fastapi\middleware\asyncexitstack.py", line 18, in __call__
    await self.app(scope, receive, send)
  File "C:\Users\cmaho\AppData\Local\Programs\Python\Python314\Lib\site-packages\starlette\routing.py", line 716, in __call__
    await self.middleware_stack(scope, receive, send)
  File "C:\Users\cmaho\AppData\Local\Programs\Python\Python314\Lib\site-packages\starlette\routing.py", line 736, in app
    await route.handle(scope, receive, send)
  File "C:\Users\cmaho\AppData\Local\Programs\Python\Python314\Lib\site-packages\starlette\routing.py", line 290, in handle
    await self.app(scope, receive, send)
  File "C:\Users\cmaho\AppData\Local\Programs\Python\Python314\Lib\site-packages\fastapi\routing.py", line 115, in app
    await wrap_app_handling_exceptions(app, request)(scope, receive, send)
  File "C:\Users\cmaho\AppData\Local\Programs\Python\Python314\Lib\site-packages\starlette\_exception_handler.py", line 53, in wrapped_app
    raise exc
  File "C:\Users\cmaho\AppData\Local\Programs\Python\Python314\Lib\site-packages\starlette\_exception_handler.py", line 42, in wrapped_app
    await app(scope, receive, sender)
  File "C:\Users\cmaho\AppData\Local\Programs\Python\Python314\Lib\site-packages\fastapi\routing.py", line 101, in app
    response = await f(request)
               ^^^^^^^^^^^^^^^^
  File "C:\Users\cmaho\AppData\Local\Programs\Python\Python314\Lib\site-packages\fastapi\routing.py", line 355, in app
    raw_response = await run_endpoint_function(
                   ^^^^^^^^^^^^^^^^^^^^^^^^^^^^
    ...<3 lines>...
    )
    ^
  File "C:\Users\cmaho\AppData\Local\Programs\Python\Python314\Lib\site-packages\fastapi\routing.py", line 245, in run_endpoint_function
    return await run_in_threadpool(dependant.call, **values)
           ^^^^^^^^^^^^^^^^^^^^^^^^^^^^^^^^^^^^^^^^^^^^^^^^^
  File "C:\Users\cmaho\AppData\Local\Programs\Python\Python314\Lib\site-packages\starlette\concurrency.py", line 32, in run_in_threadpool
    return await anyio.to_thread.run_sync(func)
           ^^^^^^^^^^^^^^^^^^^^^^^^^^^^^^^^^^^^
  File "C:\Users\cmaho\AppData\Local\Programs\Python\Python314\Lib\site-packages\anyio\to_thread.py", line 63, in run_sync
    return await get_async_backend().run_sync_in_worker_thread(
           ^^^^^^^^^^^^^^^^^^^^^^^^^^^^^^^^^^^^^^^^^^^^^^^^^^^^
        ^^^^^^^^^^^^
        uow.states_for_mapper_hierarchy(self.mapper, False, False),
        ^^^^^^^^^^^^^^^^^^^^^^^^^^^^^^^^^^^^^^^^^^^^^^^^^^^^^^^^^^^
        uow,
        ^^^^
    )
    ^
  File 
"C:\Users\cmaho\AppData\Local\Programs\Python\Python314\Lib\site-packages\sqlalchemy\orm\persistence.py", 
line 93, in save_obj
    _emit_insert_statements(
    ~~~~~~~~~~~~~~~~~~~~~~~^
        base_mapper,
        ^^^^^^^^^^^^
    ...<3 lines>...
        insert,
        ^^^^^^^
    )
    ^
  File 
"C:\Users\cmaho\AppData\Local\Programs\Python\Python314\Lib\site-packages\sqlalchemy\orm\persistence.py", 
line 1233, in _emit_insert_statements
    result = connection.execute(
        statement,
        params,
        execution_options=execution_options,
    )
  File 
"C:\Users\cmaho\AppData\Local\Programs\Python\Python314\Lib\site-packages\sqlalchemy\engine\base.py", line 
1419, in execute
    return meth(
        self,
        distilled_parameters,
        execution_options or NO_OPTIONS,
    )
  File 
"C:\Users\cmaho\AppData\Local\Programs\Python\Python314\Lib\site-packages\sqlalchemy\sql\elements.py", line 
527, in _execute_on_connection
    return connection._execute_clauseelement(
           ~~~~~~~~~~~~~~~~~~~~~~~~~~~~~~~~~^
        self, distilled_params, execution_options
        ^^^^^^^^^^^^^^^^^^^^^^^^^^^^^^^^^^^^^^^^^
    )
    ^
  File 
"C:\Users\cmaho\AppData\Local\Programs\Python\Python314\Lib\site-packages\sqlalchemy\engine\base.py", line 
1641, in _execute_clauseelement
    ret = self._execute_context(
        dialect,
    ...<8 lines>...
        cache_hit=cache_hit,
    )
  File 
"C:\Users\cmaho\AppData\Local\Programs\Python\Python314\Lib\site-packages\sqlalchemy\engine\base.py", line 
1821, in _execute_context
    self._handle_dbapi_exception(
    ~~~~~~~~~~~~~~~~~~~~~~~~~~~~^
        e, str(statement), parameters, None, None
        ^^^^^^^^^^^^^^^^^^^^^^^^^^^^^^^^^^^^^^^^^
    )
    ^
  File 
"C:\Users\cmaho\AppData\Local\Programs\Python\Python314\Lib\site-packages\sqlalchemy\engine\base.py", line 
2363, in _handle_dbapi_exception
    raise sqlalchemy_exception.with_traceback(exc_info[2]) from e
  File 
"C:\Users\cmaho\AppData\Local\Programs\Python\Python314\Lib\site-packages\sqlalchemy\engine\base.py", line 
1815, in _execute_context
        func, args, abandon_on_cancel=abandon_on_cancel, limiter=limiter
        ^^^^^^^^^^^^^^^^^^^^^^^^^^^^^^^^^^^^^^^^^^^^^^^^^^^^^^^^^^^^^^^^
    )
    ^
  File "C:\Users\cmaho\AppData\Local\Programs\Python\Python314\Lib\site-packages\anyio\_backends\_asyncio.py", line 2502, in run_sync_in_worker_thread
    return await future
           ^^^^^^^^^^^^
  File "C:\Users\cmaho\AppData\Local\Programs\Python\Python314\Lib\site-packages\anyio\_backends\_asyncio.py", line 986, in run
    result = context.run(func, *args)
  File "C:\Users\cmaho\Desktop\Antigravity Test Folder\Projects\OEE_App\oee_app_core\backend\app\routers\rates.py", line 94, in create_rate
    session.commit()
    ~~~~~~~~~~~~~~^^
  File "C:\Users\cmaho\AppData\Local\Programs\Python\Python314\Lib\site-packages\sqlalchemy\orm\session.py", line 2030, in commit
    trans.commit(_to_root=True)
    ~~~~~~~~~~~~^^^^^^^^^^^^^^^
  File "<string>", line 2, in commit
  File "C:\Users\cmaho\AppData\Local\Programs\Python\Python314\Lib\site-packages\sqlalchemy\orm\state_changes.py", line 137, in _go
    ret_value = fn(self, *arg, **kw)
  File "C:\Users\cmaho\AppData\Local\Programs\Python\Python314\Lib\site-packages\sqlalchemy\orm\session.py", line 1311, in commit
    self._prepare_impl()
    ~~~~~~~~~~~~~~~~~~^^
  File "<string>", line 2, in _prepare_impl
  File "C:\Users\cmaho\AppData\Local\Programs\Python\Python314\Lib\site-packages\sqlalchemy\orm\state_changes.py", line 137, in _go
    ret_value = fn(self, *arg, **kw)
  File "C:\Users\cmaho\AppData\Local\Programs\Python\Python314\Lib\site-packages\sqlalchemy\orm\session.py", line 1286, in _prepare_impl
    self.session.flush()
    ~~~~~~~~~~~~~~~~~~^^
  File "C:\Users\cmaho\AppData\Local\Programs\Python\Python314\Lib\site-packages\sqlalchemy\orm\session.py", line 4331, in flush
    self._flush(objects)
    ~~~~~~~~~~~^^^^^^^^^
  File "C:\Users\cmaho\AppData\Local\Programs\Python\Python314\Lib\site-packages\sqlalchemy\orm\session.py", line 4466, in _flush
    with util.safe_reraise():
         ~~~~~~~~~~~~~~~~~^^
  File "C:\Users\cmaho\AppData\Local\Programs\Python\Python314\Lib\site-packages\sqlalchemy\util\langhelpers.py", line 224, in __exit__
    raise exc_value.with_traceback(exc_tb)
  File "C:\Users\cmaho\AppData\Local\Programs\Python\Python314\Lib\site-packages\sqlalchemy\orm\session.py", line 4427, in _flush
    flush_context.execute()
    ~~~~~~~~~~~~~~~~~~~~~^^
  File "C:\Users\cmaho\AppData\Local\Programs\Python\Python314\Lib\site-packages\sqlalchemy\orm\unitofwork.py", line 466, in execute
    rec.execute(self)
    ~~~~~~~~~~~^^^^^^
  File "C:\Users\cmaho\AppData\Local\Programs\Python\Python314\Lib\site-packages\sqlalchemy\orm\unitofwork.py", line 642, in execute
    util.preloaded.orm_persistence.save_obj(
    ~~~~~~~~~~~~~~~~~~~~~~~~~~~~~~~~~~~~~~~^
        self.mapper,
        ^^^^^^^^^^^^
        uow.states_for_mapper_hierarchy(self.mapper, False, False),
        ^^^^^^^^^^^^^^^^^^^^^^^^^^^^^^^^^^^^^^^^^^^^^^^^^^^^^^^^^^^
        uow,
        ^^^^
    )
    ^
  File "C:\Users\cmaho\AppData\Local\Programs\Python\Python314\Lib\site-packages\sqlalchemy\orm\persistence.py", line 93, in save_obj
    _emit_insert_statements(
    ~~~~~~~~~~~~~~~~~~~~~~~^
        base_mapper,
        ^^^^^^^^^^^^
    ...<3 lines>...
        insert,
        ^^^^^^^
    )
    ^
  File "C:\Users\cmaho\AppData\Local\Programs\Python\Python314\Lib\site-packages\sqlalchemy\orm\persistence.py", line 1233, in _emit_insert_statements
    result = connection.execute(
        statement,
        params,
        execution_options=execution_options,
    )
  File "C:\Users\cmaho\AppData\Local\Programs\Python\Python314\Lib\site-packages\sqlalchemy\engine\base.py", line 1419, in execute
    context = constructor(
        dialect, self, conn, execution_options, *args, **kw
    )
  File 
"C:\Users\cmaho\AppData\Local\Programs\Python\Python314\Lib\site-packages\sqlalchemy\engine\default.py", 
line 1496, in _init_compiled
    flattened_processors[key](compiled_params[key])
    ~~~~~~~~~~~~~~~~~~~~~~~~~^^^^^^^^^^^^^^^^^^^^^^
  File "C:\Users\cmaho\AppData\Local\Programs\Python\Python314\Lib\site-packages\sqlalchemy\dialects\sqlite\
base.py", line 1287, in process
    raise TypeError(
    ...<2 lines>...
    )
sqlalchemy.exc.StatementError: (builtins.TypeError) SQLite Date type only accepts Python date objects as 
input.
[SQL: INSERT INTO rateentry (run_mode_id, operator, machine, part_number, job, ideal_units_per_hour, 
ideal_cycle_time_seconds, start_date, end_date, active, notes, cavity_count, entry_mode, 
machine_cycle_time, created_by, created_at, updated_by, updated_at) VALUES (?, ?, ?, ?, ?, ?, ?, ?, ?, ?, 
?, ?, ?, ?, ?, ?, ?, ?)]
[parameters: [{'entry_mode': 'seconds', 'job': 'TEST-RM-001', 'ideal_units_per_hour': 342.86, 
'run_mode_id': 2, 'part_number': 'RM-PART-123', 'cavity_count': 4, 'up ... (210 characters truncated) ... 
2023-01-01', 'ideal_cycle_time_seconds': 10.5, 'operator': None, 'end_date': None, 'machine_cycle_time': 
None, 'created_by': None, 'updated_by': None}]]
    return meth(
        self,
        distilled_parameters,
        execution_options or NO_OPTIONS,
    )
  File "C:\Users\cmaho\AppData\Local\Programs\Python\Python314\Lib\site-packages\sqlalchemy\sql\elements.py", line 527, in _execute_on_connection
    return connection._execute_clauseelement(
           ~~~~~~~~~~~~~~~~~~~~~~~~~~~~~~~~~^
        self, distilled_params, execution_options
        ^^^^^^^^^^^^^^^^^^^^^^^^^^^^^^^^^^^^^^^^^
    )
    ^
  File "C:\Users\cmaho\AppData\Local\Programs\Python\Python314\Lib\site-packages\sqlalchemy\engine\base.py", line 1641, in _execute_clauseelement
    ret = self._execute_context(
        dialect,
    ...<8 lines>...
        cache_hit=cache_hit,
    )
  File "C:\Users\cmaho\AppData\Local\Programs\Python\Python314\Lib\site-packages\sqlalchemy\engine\base.py", line 1821, in _execute_context
    self._handle_dbapi_exception(
    ~~~~~~~~~~~~~~~~~~~~~~~~~~~~^
        e, str(statement), parameters, None, None
        ^^^^^^^^^^^^^^^^^^^^^^^^^^^^^^^^^^^^^^^^^
    )
    ^
  File "C:\Users\cmaho\AppData\Local\Programs\Python\Python314\Lib\site-packages\sqlalchemy\engine\base.py", line 2363, in _handle_dbapi_exception
    raise sqlalchemy_exception.with_traceback(exc_info[2]) from e
  File "C:\Users\cmaho\AppData\Local\Programs\Python\Python314\Lib\site-packages\sqlalchemy\engine\base.py", line 1815, in _execute_context
    context = constructor(
        dialect, self, conn, execution_options, *args, **kw
    )
  File "C:\Users\cmaho\AppData\Local\Programs\Python\Python314\Lib\site-packages\sqlalchemy\engine\default.py", line 1496, in _init_compiled
    flattened_processors[key](compiled_params[key])
    ~~~~~~~~~~~~~~~~~~~~~~~~~^^^^^^^^^^^^^^^^^^^^^^
  File "C:\Users\cmaho\AppData\Local\Programs\Python\Python314\Lib\site-packages\sqlalchemy\dialects\sqlite\base.py", line 1287, in process
    raise TypeError(
    ...<2 lines>...
    )
sqlalchemy.exc.StatementError: (builtins.TypeError) SQLite Date type only accepts Python date objects as input.
[SQL: INSERT INTO rateentry (run_mode_id, operator, machine, part_number, job, ideal_units_per_hour, ideal_cycle_time_seconds, start_date, end_date, active, notes, cavity_count, entry_mode, machine_cycle_time, created_by, created_at, updated_by, updated_at) VALUES (?, ?, ?, ?, ?, ?, ?, ?, ?, ?, ?, ?, ?, ?, ?, ?, ?, ?)]
[parameters: [{'entry_mode': 'seconds', 'job': 'TEST-RM-001', 'ideal_units_per_hour': 342.86, 'run_mode_id': 2, 'part_number': 'RM-PART-123', 'cavity_count': 4, 'up ... (210 characters truncated) ... 2023-01-01', 'ideal_cycle_time_seconds': 10.5, 'operator': None, 'end_date': None, 'machine_cycle_time': None, 'created_by': None, 'updated_by': None}]]

ERROR: (builtins.TypeError) SQLite Date type only accepts Python date objects as input.
[SQL: INSERT INTO rateentry (run_mode_id, operator, machine, part_number, job, ideal_units_per_hour, ideal_cycle_time_seconds, start_date, end_date, active, notes, cavity_count, entry_mode, machine_cycle_time, created_by, created_at, updated_by, updated_at) VALUES (?, ?, ?, ?, ?, ?, ?, ?, ?, ?, ?, ?, ?, ?, ?, ?, ?, ?)]
[parameters: [{'entry_mode': 'seconds', 'job': 'TEST-RM-001', 'ideal_units_per_hour': 342.86, 'run_mode_id': 2, 'part_number': 'RM-PART-123', 'cavity_count': 4, 'up ... (210 characters truncated) ... 2023-01-01', 'ideal_cycle_time_seconds': 10.5, 'operator': None, 'end_date': None, 'machine_cycle_time': None, 'created_by': None, 'updated_by': None}]]
